
Running 1 test using 1 worker

[1A[2K[1/1] [chromium] ÔÇ║ tests\login.spec.js:8:7 ÔÇ║ Autentica├º├úo e Navega├º├úo B├ísica ÔÇ║ Deve realizar o login com sucesso e ir para o dashboard
[1A[2K[2/1] (retries) [chromium] ÔÇ║ tests\login.spec.js:8:7 ÔÇ║ Autentica├º├úo e Navega├º├úo B├ísica ÔÇ║ Deve realizar o login com sucesso e ir para o dashboard (retry #1)
[1A[2K  1) [chromium] ÔÇ║ tests\login.spec.js:8:7 ÔÇ║ Autentica├º├úo e Navega├º├úo B├ísica ÔÇ║ Deve realizar o login com sucesso e ir para o dashboard 

    Error: page.goto: net::ERR_CONNECTION_REFUSED at http://localhost:3000/login
    Call log:
    [2m  - navigating to "http://localhost:3000/login", waiting until "load"[22m


       8 |   test('Deve realizar o login com sucesso e ir para o dashboard', async ({ page }) => {
       9 |     // 1. Acessar a p├ígina de login
    > 10 |     await page.goto('/login');
         |                ^
      11 |     
      12 |     // 2. Preencher o formul├írio usando os seletores de placeholdes ou names
      13 |     // No projeto Elo 57, o input de email costuma ser type="email" e o de password type="password"
        at C:\projetos\studio57so-v8-main\tests\login.spec.js:10:16

    attachment #1: screenshot (image/png) ÔöÇÔöÇÔöÇÔöÇÔöÇÔöÇÔöÇÔöÇÔöÇÔöÇÔöÇÔöÇÔöÇÔöÇÔöÇÔöÇÔöÇÔöÇÔöÇÔöÇÔöÇÔöÇÔöÇÔöÇÔöÇÔöÇÔöÇÔöÇÔöÇÔöÇÔöÇÔöÇÔöÇÔöÇÔöÇÔöÇÔöÇÔöÇÔöÇÔöÇÔöÇÔöÇÔöÇÔöÇÔöÇÔöÇÔöÇÔöÇÔöÇÔöÇÔöÇÔöÇÔöÇÔöÇÔöÇÔöÇÔöÇÔöÇ
    test-results\login-Autentica├º├úo-e-Naveg-bc75e-cesso-e-ir-para-o-dashboard-chromium\test-failed-1.png
    ÔöÇÔöÇÔöÇÔöÇÔöÇÔöÇÔöÇÔöÇÔöÇÔöÇÔöÇÔöÇÔöÇÔöÇÔöÇÔöÇÔöÇÔöÇÔöÇÔöÇÔöÇÔöÇÔöÇÔöÇÔöÇÔöÇÔöÇÔöÇÔöÇÔöÇÔöÇÔöÇÔöÇÔöÇÔöÇÔöÇÔöÇÔöÇÔöÇÔöÇÔöÇÔöÇÔöÇÔöÇÔöÇÔöÇÔöÇÔöÇÔöÇÔöÇÔöÇÔöÇÔöÇÔöÇÔöÇÔöÇÔöÇÔöÇÔöÇÔöÇÔöÇÔöÇÔöÇÔöÇÔöÇÔöÇÔöÇÔöÇÔöÇÔöÇÔöÇÔöÇÔöÇÔöÇÔöÇÔöÇÔöÇÔöÇÔöÇÔöÇÔöÇÔöÇÔöÇÔöÇÔöÇÔöÇÔöÇÔöÇÔöÇÔöÇÔöÇÔöÇÔöÇÔöÇÔöÇÔöÇ

    Error Context: test-results\login-Autentica├º├úo-e-Naveg-bc75e-cesso-e-ir-para-o-dashboard-chromium\error-context.md

    Retry #1 ÔöÇÔöÇÔöÇÔöÇÔöÇÔöÇÔöÇÔöÇÔöÇÔöÇÔöÇÔöÇÔöÇÔöÇÔöÇÔöÇÔöÇÔöÇÔöÇÔöÇÔöÇÔöÇÔöÇÔöÇÔöÇÔöÇÔöÇÔöÇÔöÇÔöÇÔöÇÔöÇÔöÇÔöÇÔöÇÔöÇÔöÇÔöÇÔöÇÔöÇÔöÇÔöÇÔöÇÔöÇÔöÇÔöÇÔöÇÔöÇÔöÇÔöÇÔöÇÔöÇÔöÇÔöÇÔöÇÔöÇÔöÇÔöÇÔöÇÔöÇÔöÇÔöÇÔöÇÔöÇÔöÇÔöÇÔöÇÔöÇÔöÇÔöÇÔöÇÔöÇÔöÇÔöÇÔöÇÔöÇÔöÇÔöÇÔöÇÔöÇÔöÇÔöÇÔöÇÔöÇÔöÇÔöÇÔöÇ

    Error: page.goto: net::ERR_CONNECTION_REFUSED at http://localhost:3000/login
    Call log:
    [2m  - navigating to "http://localhost:3000/login", waiting until "load"[22m


       8 |   test('Deve realizar o login com sucesso e ir para o dashboard', async ({ page }) => {
       9 |     // 1. Acessar a p├ígina de login
    > 10 |     await page.goto('/login');
         |                ^
      11 |     
      12 |     // 2. Preencher o formul├írio usando os seletores de placeholdes ou names
      13 |     // No projeto Elo 57, o input de email costuma ser type="email" e o de password type="password"
        at C:\projetos\studio57so-v8-main\tests\login.spec.js:10:16

    attachment #1: screenshot (image/png) ÔöÇÔöÇÔöÇÔöÇÔöÇÔöÇÔöÇÔöÇÔöÇÔöÇÔöÇÔöÇÔöÇÔöÇÔöÇÔöÇÔöÇÔöÇÔöÇÔöÇÔöÇÔöÇÔöÇÔöÇÔöÇÔöÇÔöÇÔöÇÔöÇÔöÇÔöÇÔöÇÔöÇÔöÇÔöÇÔöÇÔöÇÔöÇÔöÇÔöÇÔöÇÔöÇÔöÇÔöÇÔöÇÔöÇÔöÇÔöÇÔöÇÔöÇÔöÇÔöÇÔöÇÔöÇÔöÇÔöÇÔöÇÔöÇ
    test-results\login-Autentica├º├úo-e-Naveg-bc75e-cesso-e-ir-para-o-dashboard-chromium-retry1\test-failed-1.png
    ÔöÇÔöÇÔöÇÔöÇÔöÇÔöÇÔöÇÔöÇÔöÇÔöÇÔöÇÔöÇÔöÇÔöÇÔöÇÔöÇÔöÇÔöÇÔöÇÔöÇÔöÇÔöÇÔöÇÔöÇÔöÇÔöÇÔöÇÔöÇÔöÇÔöÇÔöÇÔöÇÔöÇÔöÇÔöÇÔöÇÔöÇÔöÇÔöÇÔöÇÔöÇÔöÇÔöÇÔöÇÔöÇÔöÇÔöÇÔöÇÔöÇÔöÇÔöÇÔöÇÔöÇÔöÇÔöÇÔöÇÔöÇÔöÇÔöÇÔöÇÔöÇÔöÇÔöÇÔöÇÔöÇÔöÇÔöÇÔöÇÔöÇÔöÇÔöÇÔöÇÔöÇÔöÇÔöÇÔöÇÔöÇÔöÇÔöÇÔöÇÔöÇÔöÇÔöÇÔöÇÔöÇÔöÇÔöÇÔöÇÔöÇÔöÇÔöÇÔöÇÔöÇÔöÇÔöÇÔöÇ

    Error Context: test-results\login-Autentica├º├úo-e-Naveg-bc75e-cesso-e-ir-para-o-dashboard-chromium-retry1\error-context.md

    attachment #3: trace (application/zip) ÔöÇÔöÇÔöÇÔöÇÔöÇÔöÇÔöÇÔöÇÔöÇÔöÇÔöÇÔöÇÔöÇÔöÇÔöÇÔöÇÔöÇÔöÇÔöÇÔöÇÔöÇÔöÇÔöÇÔöÇÔöÇÔöÇÔöÇÔöÇÔöÇÔöÇÔöÇÔöÇÔöÇÔöÇÔöÇÔöÇÔöÇÔöÇÔöÇÔöÇÔöÇÔöÇÔöÇÔöÇÔöÇÔöÇÔöÇÔöÇÔöÇÔöÇÔöÇÔöÇÔöÇÔöÇÔöÇÔöÇÔöÇ
    test-results\login-Autentica├º├úo-e-Naveg-bc75e-cesso-e-ir-para-o-dashboard-chromium-retry1\trace.zip
    Usage:

        npx playwright show-trace test-results\login-Autentica├º├úo-e-Naveg-bc75e-cesso-e-ir-para-o-dashboard-chromium-retry1\trace.zip

    ÔöÇÔöÇÔöÇÔöÇÔöÇÔöÇÔöÇÔöÇÔöÇÔöÇÔöÇÔöÇÔöÇÔöÇÔöÇÔöÇÔöÇÔöÇÔöÇÔöÇÔöÇÔöÇÔöÇÔöÇÔöÇÔöÇÔöÇÔöÇÔöÇÔöÇÔöÇÔöÇÔöÇÔöÇÔöÇÔöÇÔöÇÔöÇÔöÇÔöÇÔöÇÔöÇÔöÇÔöÇÔöÇÔöÇÔöÇÔöÇÔöÇÔöÇÔöÇÔöÇÔöÇÔöÇÔöÇÔöÇÔöÇÔöÇÔöÇÔöÇÔöÇÔöÇÔöÇÔöÇÔöÇÔöÇÔöÇÔöÇÔöÇÔöÇÔöÇÔöÇÔöÇÔöÇÔöÇÔöÇÔöÇÔöÇÔöÇÔöÇÔöÇÔöÇÔöÇÔöÇÔöÇÔöÇÔöÇÔöÇÔöÇÔöÇÔöÇÔöÇÔöÇÔöÇÔöÇÔöÇ


[1A[2K  1 failed
    [chromium] ÔÇ║ tests\login.spec.js:8:7 ÔÇ║ Autentica├º├úo e Navega├º├úo B├ísica ÔÇ║ Deve realizar o login com sucesso e ir para o dashboard 

[36m  Serving HTML report at http://localhost:9323. Press Ctrl+C to quit.[39m
