
Running 1 test using 1 worker

[1A[2K[1/1] [chromium] ÔÇ║ tests\login.spec.js:8:7 ÔÇ║ Autentica├º├úo e Navega├º├úo B├ísica ÔÇ║ Deve realizar o login com sucesso e ir para o dashboard
[1A[2K[2/1] (retries) [chromium] ÔÇ║ tests\login.spec.js:8:7 ÔÇ║ Autentica├º├úo e Navega├º├úo B├ísica ÔÇ║ Deve realizar o login com sucesso e ir para o dashboard (retry #1)
[1A[2K  1) [chromium] ÔÇ║ tests\login.spec.js:8:7 ÔÇ║ Autentica├º├úo e Navega├º├úo B├ísica ÔÇ║ Deve realizar o login com sucesso e ir para o dashboard 

    TimeoutError: page.waitForURL: Timeout 15000ms exceeded.
    =========================== logs ===========================
    waiting for navigation to "**/admin**" until "load"
    ============================================================

      24 |     // 4. Aguardar o login concluir e a p├ígina redirecionar para a interface restrita
      25 |     // Nosso rob├┤ de testes acabou de receber n├¡vel "SuperAdmin" no banco de dados, logo ele vai pra /admin
    > 26 |     await page.waitForURL('**/admin**', { timeout: 15000 });
         |                ^
      27 |     
      28 |     // 5. Validar que na p├ígina tem algo da interface (por exemplo um link para "Deslogar" ou o nome do usu├írio)
      29 |     const title = await page.title();
        at C:\projetos\studio57so-v8-main\tests\login.spec.js:26:16

    attachment #1: screenshot (image/png) ÔöÇÔöÇÔöÇÔöÇÔöÇÔöÇÔöÇÔöÇÔöÇÔöÇÔöÇÔöÇÔöÇÔöÇÔöÇÔöÇÔöÇÔöÇÔöÇÔöÇÔöÇÔöÇÔöÇÔöÇÔöÇÔöÇÔöÇÔöÇÔöÇÔöÇÔöÇÔöÇÔöÇÔöÇÔöÇÔöÇÔöÇÔöÇÔöÇÔöÇÔöÇÔöÇÔöÇÔöÇÔöÇÔöÇÔöÇÔöÇÔöÇÔöÇÔöÇÔöÇÔöÇÔöÇÔöÇÔöÇÔöÇÔöÇ
    test-results\login-Autentica├º├úo-e-Naveg-bc75e-cesso-e-ir-para-o-dashboard-chromium\test-failed-1.png
    ÔöÇÔöÇÔöÇÔöÇÔöÇÔöÇÔöÇÔöÇÔöÇÔöÇÔöÇÔöÇÔöÇÔöÇÔöÇÔöÇÔöÇÔöÇÔöÇÔöÇÔöÇÔöÇÔöÇÔöÇÔöÇÔöÇÔöÇÔöÇÔöÇÔöÇÔöÇÔöÇÔöÇÔöÇÔöÇÔöÇÔöÇÔöÇÔöÇÔöÇÔöÇÔöÇÔöÇÔöÇÔöÇÔöÇÔöÇÔöÇÔöÇÔöÇÔöÇÔöÇÔöÇÔöÇÔöÇÔöÇÔöÇÔöÇÔöÇÔöÇÔöÇÔöÇÔöÇÔöÇÔöÇÔöÇÔöÇÔöÇÔöÇÔöÇÔöÇÔöÇÔöÇÔöÇÔöÇÔöÇÔöÇÔöÇÔöÇÔöÇÔöÇÔöÇÔöÇÔöÇÔöÇÔöÇÔöÇÔöÇÔöÇÔöÇÔöÇÔöÇÔöÇÔöÇÔöÇÔöÇ

    Error Context: test-results\login-Autentica├º├úo-e-Naveg-bc75e-cesso-e-ir-para-o-dashboard-chromium\error-context.md

    Retry #1 ÔöÇÔöÇÔöÇÔöÇÔöÇÔöÇÔöÇÔöÇÔöÇÔöÇÔöÇÔöÇÔöÇÔöÇÔöÇÔöÇÔöÇÔöÇÔöÇÔöÇÔöÇÔöÇÔöÇÔöÇÔöÇÔöÇÔöÇÔöÇÔöÇÔöÇÔöÇÔöÇÔöÇÔöÇÔöÇÔöÇÔöÇÔöÇÔöÇÔöÇÔöÇÔöÇÔöÇÔöÇÔöÇÔöÇÔöÇÔöÇÔöÇÔöÇÔöÇÔöÇÔöÇÔöÇÔöÇÔöÇÔöÇÔöÇÔöÇÔöÇÔöÇÔöÇÔöÇÔöÇÔöÇÔöÇÔöÇÔöÇÔöÇÔöÇÔöÇÔöÇÔöÇÔöÇÔöÇÔöÇÔöÇÔöÇÔöÇÔöÇÔöÇÔöÇÔöÇÔöÇÔöÇÔöÇÔöÇ

    TimeoutError: page.waitForURL: Timeout 15000ms exceeded.
    =========================== logs ===========================
    waiting for navigation to "**/admin**" until "load"
    ============================================================

      24 |     // 4. Aguardar o login concluir e a p├ígina redirecionar para a interface restrita
      25 |     // Nosso rob├┤ de testes acabou de receber n├¡vel "SuperAdmin" no banco de dados, logo ele vai pra /admin
    > 26 |     await page.waitForURL('**/admin**', { timeout: 15000 });
         |                ^
      27 |     
      28 |     // 5. Validar que na p├ígina tem algo da interface (por exemplo um link para "Deslogar" ou o nome do usu├írio)
      29 |     const title = await page.title();
        at C:\projetos\studio57so-v8-main\tests\login.spec.js:26:16

    attachment #1: screenshot (image/png) ÔöÇÔöÇÔöÇÔöÇÔöÇÔöÇÔöÇÔöÇÔöÇÔöÇÔöÇÔöÇÔöÇÔöÇÔöÇÔöÇÔöÇÔöÇÔöÇÔöÇÔöÇÔöÇÔöÇÔöÇÔöÇÔöÇÔöÇÔöÇÔöÇÔöÇÔöÇÔöÇÔöÇÔöÇÔöÇÔöÇÔöÇÔöÇÔöÇÔöÇÔöÇÔöÇÔöÇÔöÇÔöÇÔöÇÔöÇÔöÇÔöÇÔöÇÔöÇÔöÇÔöÇÔöÇÔöÇÔöÇÔöÇÔöÇ
    test-results\login-Autentica├º├úo-e-Naveg-bc75e-cesso-e-ir-para-o-dashboard-chromium-retry1\test-failed-1.png
    ÔöÇÔöÇÔöÇÔöÇÔöÇÔöÇÔöÇÔöÇÔöÇÔöÇÔöÇÔöÇÔöÇÔöÇÔöÇÔöÇÔöÇÔöÇÔöÇÔöÇÔöÇÔöÇÔöÇÔöÇÔöÇÔöÇÔöÇÔöÇÔöÇÔöÇÔöÇÔöÇÔöÇÔöÇÔöÇÔöÇÔöÇÔöÇÔöÇÔöÇÔöÇÔöÇÔöÇÔöÇÔöÇÔöÇÔöÇÔöÇÔöÇÔöÇÔöÇÔöÇÔöÇÔöÇÔöÇÔöÇÔöÇÔöÇÔöÇÔöÇÔöÇÔöÇÔöÇÔöÇÔöÇÔöÇÔöÇÔöÇÔöÇÔöÇÔöÇÔöÇÔöÇÔöÇÔöÇÔöÇÔöÇÔöÇÔöÇÔöÇÔöÇÔöÇÔöÇÔöÇÔöÇÔöÇÔöÇÔöÇÔöÇÔöÇÔöÇÔöÇÔöÇÔöÇÔöÇÔöÇ

    Error Context: test-results\login-Autentica├º├úo-e-Naveg-bc75e-cesso-e-ir-para-o-dashboard-chromium-retry1\error-context.md

    attachment #3: trace (application/zip) ÔöÇÔöÇÔöÇÔöÇÔöÇÔöÇÔöÇÔöÇÔöÇÔöÇÔöÇÔöÇÔöÇÔöÇÔöÇÔöÇÔöÇÔöÇÔöÇÔöÇÔöÇÔöÇÔöÇÔöÇÔöÇÔöÇÔöÇÔöÇÔöÇÔöÇÔöÇÔöÇÔöÇÔöÇÔöÇÔöÇÔöÇÔöÇÔöÇÔöÇÔöÇÔöÇÔöÇÔöÇÔöÇÔöÇÔöÇÔöÇÔöÇÔöÇÔöÇÔöÇÔöÇÔöÇÔöÇÔöÇÔöÇ
    test-results\login-Autentica├º├úo-e-Naveg-bc75e-cesso-e-ir-para-o-dashboard-chromium-retry1\trace.zip
    Usage:

        npx playwright show-trace test-results\login-Autentica├º├úo-e-Naveg-bc75e-cesso-e-ir-para-o-dashboard-chromium-retry1\trace.zip

    ÔöÇÔöÇÔöÇÔöÇÔöÇÔöÇÔöÇÔöÇÔöÇÔöÇÔöÇÔöÇÔöÇÔöÇÔöÇÔöÇÔöÇÔöÇÔöÇÔöÇÔöÇÔöÇÔöÇÔöÇÔöÇÔöÇÔöÇÔöÇÔöÇÔöÇÔöÇÔöÇÔöÇÔöÇÔöÇÔöÇÔöÇÔöÇÔöÇÔöÇÔöÇÔöÇÔöÇÔöÇÔöÇÔöÇÔöÇÔöÇÔöÇÔöÇÔöÇÔöÇÔöÇÔöÇÔöÇÔöÇÔöÇÔöÇÔöÇÔöÇÔöÇÔöÇÔöÇÔöÇÔöÇÔöÇÔöÇÔöÇÔöÇÔöÇÔöÇÔöÇÔöÇÔöÇÔöÇÔöÇÔöÇÔöÇÔöÇÔöÇÔöÇÔöÇÔöÇÔöÇÔöÇÔöÇÔöÇÔöÇÔöÇÔöÇÔöÇÔöÇÔöÇÔöÇÔöÇÔöÇ


[1A[2K  1 failed
    [chromium] ÔÇ║ tests\login.spec.js:8:7 ÔÇ║ Autentica├º├úo e Navega├º├úo B├ísica ÔÇ║ Deve realizar o login com sucesso e ir para o dashboard 

[36m  Serving HTML report at http://localhost:64638. Press Ctrl+C to quit.[39m
